02:20:18:594 2026.09.07 KMS GUI ELDI 37.1.0.0
Official Site: 
http://forums.mydigitallife.info/forums/51-KMS-tools
KMSpico v10.2.0
Windows Detected: Windows 10 Pro : Professional : 6.3 : 26200

02:20:18:613 Loading SECOH-QAD...
02:20:18:616 Set Registry : Image File Execution Options\SppExtComObj.exe:Debugger
02:20:18:616 Using host Forward: 10.129.16.50:1688
02:20:18:616 Using host Local: 127.75.102.127:1688
02:20:18:616 Using method: SECOH-QAD
02:20:18:634 Time Start: 07/09/2026 2:20:18
02:20:18:635 Checking Internet Connection...
02:20:18:668 Internet Connection Detected
02:20:18:669 Synchronizing Time...
02:20:18:723 Time synchronized
02:20:18:907 Windows Detected: Windows 10 Pro : Professional : 6.3 : 26200
02:20:18:908 Using host Forward: 10.129.16.50:1688
02:20:18:909 Using host Local: 127.75.102.127:1688
02:20:18:909 Using method: SECOH-QAD
02:20:18:932 Opening Firewall Port...
02:20:19:005 Opening Firewall App...
02:20:19:567 KMSEmulator Port: 1688
02:20:19:568 Get Registry : SYSTEM\CurrentControlSet\Services\sppsvc:Start
02:20:19:573 KMSEmulator running port: 1688
02:20:19:794 Office 2013 Found: C:\Program Files (x86)\Microsoft Office\Office15\
02:20:19:794 Office 2010 Skipped
02:20:19:794 Office 2016 Skipped
02:20:19:809 Error: You need Reinstall Office 2013 or Open It the firts time
02:20:20:277 Found Windows Products: 1
02:20:20:278 Name: Windows(R), Professional edition
Description: Windows(R) Operating System, VOLUME_KMSCLIENT channel
GracePeriodRemaining: 0
LicenseStatus: 5
PartialProductKey: T83GX
GenuineStatus: 1

02:20:20:345 DisableKeyManagementServiceHostCaching 0
02:20:20:345 Set Registry : SoftwareProtectionPlatform:KeyManagementServiceName
02:20:20:347 Set Registry : SoftwareProtectionPlatform:KeyManagementServicePort
02:20:24:327 Office 2013. (non KEY) --> ProPlus KEY ?
02:20:26:094 Office 2013 Skipped
